[2026-09-04 01:10:07] [INFO] === BOT DE CRIPTO TRADING MULTI-POSICIÓN (10 SLOTS / TP +6% / SL -2%) INICIADO ===
[2026-09-04 01:10:07] [INFO] --- ESCANEANDO TOP 20 Y EVALUANDO 10 SLOTS ---
[2026-09-04 01:10:14] [OPEN] NUEVA POSICIÓN ABIERTA (Slot #1): [BTC] a $80866.08 (Score: 100.0). TP: +6%, SL: -2%.
[2026-09-04 01:10:14] [OPEN] NUEVA POSICIÓN ABIERTA (Slot #2): [ETH] a $2503.1 (Score: 100.0). TP: +6%, SL: -2%.
[2026-09-04 01:10:14] [OPEN] NUEVA POSICIÓN ABIERTA (Slot #3): [BNB] a $723.86 (Score: 100.0). TP: +6%, SL: -2%.
[2026-09-04 01:10:14] [OPEN] NUEVA POSICIÓN ABIERTA (Slot #4): [XRP] a $1.4444 (Score: 100.0). TP: +6%, SL: -2%.
[2026-09-04 01:10:14] [OPEN] NUEVA POSICIÓN ABIERTA (Slot #5): [ADA] a $0.223 (Score: 100.0). TP: +6%, SL: -2%.
[2026-09-04 01:10:14] [OPEN] NUEVA POSICIÓN ABIERTA (Slot #6): [AVAX] a $7.496 (Score: 100.0). TP: +6%, SL: -2%.
[2026-09-04 01:10:14] [OPEN] NUEVA POSICIÓN ABIERTA (Slot #7): [LINK] a $11.872 (Score: 100.0). TP: +6%, SL: -2%.
[2026-09-04 01:10:14] [OPEN] NUEVA POSICIÓN ABIERTA (Slot #8): [NEAR] a $1.948 (Score: 100.0). TP: +6%, SL: -2%.
[2026-09-04 01:10:14] [OPEN] NUEVA POSICIÓN ABIERTA (Slot #9): [LTC] a $51.07 (Score: 100.0). TP: +6%, SL: -2%.
[2026-09-04 01:10:14] [OPEN] NUEVA POSICIÓN ABIERTA (Slot #10): [FET] a $0.1581 (Score: 100.0). TP: +6%, SL: -2%.
[2026-09-04 01:10:24] [INFO] --- ESCANEANDO TOP 20 Y EVALUANDO 10 SLOTS ---
[2026-09-04 01:10:42] [INFO] --- ESCANEANDO TOP 20 Y EVALUANDO 10 SLOTS ---
[2026-09-04 01:10:59] [INFO] --- ESCANEANDO TOP 20 Y EVALUANDO 10 SLOTS ---
[2026-09-04 01:11:17] [INFO] --- ESCANEANDO TOP 20 Y EVALUANDO 10 SLOTS ---
[2026-09-04 01:11:34] [INFO] --- ESCANEANDO TOP 20 Y EVALUANDO 10 SLOTS ---
[2026-09-04 01:11:52] [INFO] --- ESCANEANDO TOP 20 Y EVALUANDO 10 SLOTS ---
[2026-09-04 01:12:09] [INFO] --- ESCANEANDO TOP 20 Y EVALUANDO 10 SLOTS ---
[2026-09-04 01:12:28] [INFO] --- ESCANEANDO TOP 20 Y EVALUANDO 10 SLOTS ---
[2026-09-04 01:12:45] [INFO] --- ESCANEANDO TOP 20 Y EVALUANDO 10 SLOTS ---
[2026-09-04 01:13:03] [INFO] --- ESCANEANDO TOP 20 Y EVALUANDO 10 SLOTS ---
[2026-09-04 01:13:20] [INFO] --- ESCANEANDO TOP 20 Y EVALUANDO 10 SLOTS ---
[2026-09-04 01:13:38] [INFO] --- ESCANEANDO TOP 20 Y EVALUANDO 10 SLOTS ---
[2026-09-04 01:13:55] [INFO] --- ESCANEANDO TOP 20 Y EVALUANDO 10 SLOTS ---
[2026-09-04 01:14:12] [INFO] --- ESCANEANDO TOP 20 Y EVALUANDO 10 SLOTS ---
[2026-09-04 01:14:30] [INFO] --- ESCANEANDO TOP 20 Y EVALUANDO 10 SLOTS ---
[2026-09-04 01:14:47] [INFO] --- ESCANEANDO TOP 20 Y EVALUANDO 10 SLOTS ---
[2026-09-04 01:15:05] [INFO] --- ESCANEANDO TOP 20 Y EVALUANDO 10 SLOTS ---
[2026-09-04 01:15:22] [INFO] --- ESCANEANDO TOP 20 Y EVALUANDO 10 SLOTS ---
[2026-09-04 01:15:40] [INFO] --- ESCANEANDO TOP 20 Y EVALUANDO 10 SLOTS ---
[2026-09-04 01:15:57] [INFO] --- ESCANEANDO TOP 20 Y EVALUANDO 10 SLOTS ---
[2026-09-04 01:16:14] [INFO] --- ESCANEANDO TOP 20 Y EVALUANDO 10 SLOTS ---
[2026-09-04 01:16:32] [INFO] --- ESCANEANDO TOP 20 Y EVALUANDO 10 SLOTS ---
[2026-09-04 01:16:49] [INFO] --- ESCANEANDO TOP 20 Y EVALUANDO 10 SLOTS ---
[2026-09-04 01:17:07] [INFO] --- ESCANEANDO TOP 20 Y EVALUANDO 10 SLOTS ---
[2026-09-04 01:17:24] [INFO] --- ESCANEANDO TOP 20 Y EVALUANDO 10 SLOTS ---
[2026-09-04 01:17:41] [INFO] --- ESCANEANDO TOP 20 Y EVALUANDO 10 SLOTS ---
[2026-09-04 01:17:59] [INFO] --- ESCANEANDO TOP 20 Y EVALUANDO 10 SLOTS ---
[2026-09-04 01:18:17] [INFO] --- ESCANEANDO TOP 20 Y EVALUANDO 10 SLOTS ---
[2026-09-04 01:18:34] [INFO] --- ESCANEANDO TOP 20 Y EVALUANDO 10 SLOTS ---
[2026-09-04 01:18:51] [INFO] --- ESCANEANDO TOP 20 Y EVALUANDO 10 SLOTS ---
[2026-09-04 01:19:09] [INFO] --- ESCANEANDO TOP 20 Y EVALUANDO 10 SLOTS ---
[2026-09-04 01:19:26] [INFO] --- ESCANEANDO TOP 20 Y EVALUANDO 10 SLOTS ---
[2026-09-04 01:19:44] [INFO] --- ESCANEANDO TOP 20 Y EVALUANDO 10 SLOTS ---
[2026-09-04 01:20:01] [INFO] --- ESCANEANDO TOP 20 Y EVALUANDO 10 SLOTS ---
[2026-09-04 01:20:19] [INFO] --- ESCANEANDO TOP 20 Y EVALUANDO 10 SLOTS ---
[2026-09-04 01:20:37] [INFO] --- ESCANEANDO TOP 20 Y EVALUANDO 10 SLOTS ---
[2026-09-04 01:20:54] [INFO] --- ESCANEANDO TOP 20 Y EVALUANDO 10 SLOTS ---
[2026-09-04 01:21:11] [INFO] --- ESCANEANDO TOP 20 Y EVALUANDO 10 SLOTS ---
[2026-09-04 01:21:29] [INFO] --- ESCANEANDO TOP 20 Y EVALUANDO 10 SLOTS ---
[2026-09-04 01:21:46] [INFO] --- ESCANEANDO TOP 20 Y EVALUANDO 10 SLOTS ---
[2026-09-04 01:22:04] [INFO] --- ESCANEANDO TOP 20 Y EVALUANDO 10 SLOTS ---
[2026-09-04 01:22:21] [INFO] --- ESCANEANDO TOP 20 Y EVALUANDO 10 SLOTS ---
[2026-09-04 01:22:38] [INFO] --- ESCANEANDO TOP 20 Y EVALUANDO 10 SLOTS ---
[2026-09-04 01:22:56] [INFO] --- ESCANEANDO TOP 20 Y EVALUANDO 10 SLOTS ---
[2026-09-04 01:23:13] [INFO] --- ESCANEANDO TOP 20 Y EVALUANDO 10 SLOTS ---
[2026-09-04 01:23:31] [INFO] --- ESCANEANDO TOP 20 Y EVALUANDO 10 SLOTS ---
[2026-09-04 01:23:48] [INFO] --- ESCANEANDO TOP 20 Y EVALUANDO 10 SLOTS ---
[2026-09-04 01:24:05] [INFO] --- ESCANEANDO TOP 20 Y EVALUANDO 10 SLOTS ---
[2026-09-04 01:24:17] [INFO] Estado del Bot Cripto cargado exitosamente.
[2026-09-04 01:24:17] [INFO] --- ESCANEANDO TOP 20 Y EVALUANDO SLOTS DE PAPER TRADING ---
[2026-09-04 01:24:23] [INFO] --- ESCANEANDO TOP 20 Y EVALUANDO 10 SLOTS ---
[2026-09-04 01:24:40] [INFO] --- ESCANEANDO TOP 20 Y EVALUANDO 10 SLOTS ---
[2026-09-04 01:24:57] [INFO] --- ESCANEANDO TOP 20 Y EVALUANDO 10 SLOTS ---
[2026-09-04 01:25:16] [INFO] --- ESCANEANDO TOP 20 Y EVALUANDO 10 SLOTS ---
[2026-09-04 01:25:26] [INFO] Estado del Bot Cripto cargado exitosamente.
[2026-09-04 01:25:26] [INFO] --- ESCANEANDO TOP 20 Y EVALUANDO SLOTS DE PAPER TRADING ---
[2026-09-04 01:25:33] [INFO] --- ESCANEANDO TOP 20 Y EVALUANDO 10 SLOTS ---
[2026-09-04 01:25:34] [CLOSE_OCO] POSICIÓN CERRADA [WIN 🎯]: [BTC] Motivo: OCO_STOP_LOSS. P&L Neto: +0.25% ($+2.46 USD).
[2026-09-04 01:25:34] [CLOSE_OCO] POSICIÓN CERRADA [WIN 🎯]: [ETH] Motivo: OCO_STOP_LOSS. P&L Neto: +0.37% ($+3.74 USD).
[2026-09-04 01:25:34] [CLOSE_OCO] POSICIÓN CERRADA [WIN 🎯]: [BNB] Motivo: OCO_STOP_LOSS. P&L Neto: +0.25% ($+2.55 USD).
[2026-09-04 01:25:34] [CLOSE_OCO] POSICIÓN CERRADA [WIN 🎯]: [XRP] Motivo: OCO_STOP_LOSS. P&L Neto: +0.38% ($+3.76 USD).
[2026-09-04 01:25:34] [CLOSE_OCO] POSICIÓN CERRADA [WIN 🎯]: [ADA] Motivo: OCO_STOP_LOSS. P&L Neto: +0.57% ($+5.67 USD).
[2026-09-04 01:25:34] [CLOSE_OCO] POSICIÓN CERRADA [WIN 🎯]: [AVAX] Motivo: OCO_STOP_LOSS. P&L Neto: +0.01% ($+0.10 USD).
[2026-09-04 01:25:34] [CLOSE_OCO] POSICIÓN CERRADA [WIN 🎯]: [LINK] Motivo: OCO_STOP_LOSS. P&L Neto: +0.56% ($+5.58 USD).
[2026-09-04 01:25:34] [CLOSE_OCO] POSICIÓN CERRADA [WIN 🎯]: [NEAR] Motivo: OCO_STOP_LOSS. P&L Neto: +0.21% ($+2.09 USD).
[2026-09-04 01:25:34] [CLOSE_OCO] POSICIÓN CERRADA [WIN 🎯]: [LTC] Motivo: OCO_STOP_LOSS. P&L Neto: +0.26% ($+2.61 USD).
[2026-09-04 01:25:34] [CLOSE_OCO] POSICIÓN CERRADA [WIN 🎯]: [FET] Motivo: OCO_STOP_LOSS. P&L Neto: +0.48% ($+4.83 USD).
[2026-09-04 01:25:50] [INFO] --- ESCANEANDO TOP 20 Y EVALUANDO 10 SLOTS ---
[2026-09-04 01:26:08] [INFO] --- ESCANEANDO TOP 20 Y EVALUANDO 10 SLOTS ---
[2026-09-04 01:26:25] [INFO] --- ESCANEANDO TOP 20 Y EVALUANDO 10 SLOTS ---
[2026-09-04 01:26:43] [INFO] --- ESCANEANDO TOP 20 Y EVALUANDO 10 SLOTS ---
[2026-09-04 01:27:00] [INFO] --- ESCANEANDO TOP 20 Y EVALUANDO 10 SLOTS ---
[2026-09-04 01:27:18] [INFO] --- ESCANEANDO TOP 20 Y EVALUANDO 10 SLOTS ---
[2026-09-04 01:27:35] [INFO] --- ESCANEANDO TOP 20 Y EVALUANDO 10 SLOTS ---
[2026-09-04 01:27:52] [INFO] --- ESCANEANDO TOP 20 Y EVALUANDO 10 SLOTS ---
[2026-09-04 01:27:55] [INFO] === BOT CRIPTO PAPER TRADING EN VIVO (OCO SERVER-SIDE + BTC GUARD + REINVERSION 70-20-10) ===
[2026-09-04 01:27:55] [INFO] Estado del Bot Cripto cargado exitosamente.
[2026-09-04 01:27:55] [INFO] --- ESCANEANDO TOP 20 Y EVALUANDO SLOTS DE PAPER TRADING ---
[2026-09-04 01:28:10] [INFO] --- ESCANEANDO TOP 20 Y EVALUANDO 10 SLOTS ---
[2026-09-04 01:28:13] [INFO] --- ESCANEANDO TOP 20 Y EVALUANDO SLOTS DE PAPER TRADING ---
[2026-09-04 01:28:27] [INFO] --- ESCANEANDO TOP 20 Y EVALUANDO 10 SLOTS ---
[2026-09-04 01:28:31] [INFO] --- ESCANEANDO TOP 20 Y EVALUANDO SLOTS DE PAPER TRADING ---
[2026-09-04 01:28:43] [INFO] === BOT CRIPTO PAPER TRADING EN VIVO (OCO SERVER-SIDE + BTC GUARD + REINVERSION 70-20-10) ===
[2026-09-04 01:28:43] [INFO] Estado del Bot Cripto cargado exitosamente.
[2026-09-04 01:28:43] [INFO] --- ESCANEANDO TOP 20 Y EVALUANDO SLOTS DE PAPER TRADING ---
[2026-09-04 01:28:48] [INFO] --- ESCANEANDO TOP 20 Y EVALUANDO SLOTS DE PAPER TRADING ---
[2026-09-04 01:29:01] [INFO] --- ESCANEANDO TOP 20 Y EVALUANDO SLOTS DE PAPER TRADING ---
[2026-09-04 01:29:06] [INFO] --- ESCANEANDO TOP 20 Y EVALUANDO SLOTS DE PAPER TRADING ---
[2026-09-04 01:29:14] [OPEN_OCO] NUEVO SLOT OCO ABIERTO (Slot #1): [INJ] a $4.91 (Score Absorción: 75.0). OCO: TP +6%, SL -2%.
[2026-09-04 01:29:18] [INFO] --- ESCANEANDO TOP 20 Y EVALUANDO SLOTS DE PAPER TRADING ---
[2026-09-04 01:29:24] [INFO] --- ESCANEANDO TOP 20 Y EVALUANDO SLOTS DE PAPER TRADING ---
[2026-09-04 01:29:26] [OPEN_OCO] NUEVO SLOT OCO ABIERTO (Slot #1): [INJ] a $4.913 (Score Absorción: 75.0). OCO: TP +6%, SL -2%.
[2026-09-04 01:29:36] [INFO] --- ESCANEANDO TOP 20 Y EVALUANDO SLOTS DE PAPER TRADING ---
[2026-09-04 01:29:41] [INFO] --- ESCANEANDO TOP 20 Y EVALUANDO SLOTS DE PAPER TRADING ---
[2026-09-04 01:29:54] [INFO] --- ESCANEANDO TOP 20 Y EVALUANDO SLOTS DE PAPER TRADING ---
[2026-09-04 01:29:59] [INFO] --- ESCANEANDO TOP 20 Y EVALUANDO SLOTS DE PAPER TRADING ---
[2026-09-04 01:30:13] [INFO] --- ESCANEANDO TOP 20 Y EVALUANDO SLOTS DE PAPER TRADING ---
[2026-09-04 01:30:19] [INFO] --- ESCANEANDO TOP 20 Y EVALUANDO SLOTS DE PAPER TRADING ---
[2026-09-04 01:30:31] [INFO] --- ESCANEANDO TOP 20 Y EVALUANDO SLOTS DE PAPER TRADING ---
[2026-09-04 01:30:36] [INFO] --- ESCANEANDO TOP 20 Y EVALUANDO SLOTS DE PAPER TRADING ---
[2026-09-04 01:30:49] [INFO] --- ESCANEANDO TOP 20 Y EVALUANDO SLOTS DE PAPER TRADING ---
[2026-09-04 01:30:54] [INFO] --- ESCANEANDO TOP 20 Y EVALUANDO SLOTS DE PAPER TRADING ---
[2026-09-04 01:31:04] [INFO] === INICIANDO SISTEMA CRIPTO CON SERVIDOR WEB LOCAL EN PORT 5000 ===
[2026-09-04 01:31:04] [INFO] Servidor Web activo en http://localhost:5000/dashboard_cripto.html
[2026-09-04 01:31:04] [INFO] Estado del Bot Cripto cargado exitosamente.
[2026-09-04 01:31:04] [INFO] --- ESCANEANDO TOP 20 Y EVALUANDO SLOTS DE PAPER TRADING ---
[2026-09-04 01:31:06] [INFO] --- ESCANEANDO TOP 20 Y EVALUANDO SLOTS DE PAPER TRADING ---
[2026-09-04 01:31:22] [INFO] --- ESCANEANDO TOP 20 Y EVALUANDO SLOTS DE PAPER TRADING ---
[2026-09-04 01:31:24] [INFO] --- ESCANEANDO TOP 20 Y EVALUANDO SLOTS DE PAPER TRADING ---
[2026-09-04 01:31:39] [INFO] --- ESCANEANDO TOP 20 Y EVALUANDO SLOTS DE PAPER TRADING ---
[2026-09-04 01:31:42] [INFO] --- ESCANEANDO TOP 20 Y EVALUANDO SLOTS DE PAPER TRADING ---
[2026-09-04 01:31:57] [INFO] --- ESCANEANDO TOP 20 Y EVALUANDO SLOTS DE PAPER TRADING ---
[2026-09-04 01:32:00] [INFO] --- ESCANEANDO TOP 20 Y EVALUANDO SLOTS DE PAPER TRADING ---
[2026-09-04 01:32:15] [INFO] --- ESCANEANDO TOP 20 Y EVALUANDO SLOTS DE PAPER TRADING ---
[2026-09-04 01:32:17] [INFO] --- ESCANEANDO TOP 20 Y EVALUANDO SLOTS DE PAPER TRADING ---
[2026-09-04 01:32:33] [INFO] --- ESCANEANDO TOP 20 Y EVALUANDO SLOTS DE PAPER TRADING ---
[2026-09-04 01:32:35] [INFO] --- ESCANEANDO TOP 20 Y EVALUANDO SLOTS DE PAPER TRADING ---
[2026-09-04 01:32:51] [INFO] --- ESCANEANDO TOP 20 Y EVALUANDO SLOTS DE PAPER TRADING ---
[2026-09-04 01:32:53] [INFO] --- ESCANEANDO TOP 20 Y EVALUANDO SLOTS DE PAPER TRADING ---
[2026-09-04 01:33:09] [INFO] --- ESCANEANDO TOP 20 Y EVALUANDO SLOTS DE PAPER TRADING ---
[2026-09-04 01:33:11] [INFO] --- ESCANEANDO TOP 20 Y EVALUANDO SLOTS DE PAPER TRADING ---
[2026-09-04 01:33:26] [INFO] --- ESCANEANDO TOP 20 Y EVALUANDO SLOTS DE PAPER TRADING ---
[2026-09-04 01:33:28] [INFO] --- ESCANEANDO TOP 20 Y EVALUANDO SLOTS DE PAPER TRADING ---
[2026-09-04 01:33:44] [INFO] --- ESCANEANDO TOP 20 Y EVALUANDO SLOTS DE PAPER TRADING ---
[2026-09-04 01:33:46] [INFO] --- ESCANEANDO TOP 20 Y EVALUANDO SLOTS DE PAPER TRADING ---
[2026-09-04 01:34:02] [INFO] --- ESCANEANDO TOP 20 Y EVALUANDO SLOTS DE PAPER TRADING ---
[2026-09-04 01:34:04] [INFO] --- ESCANEANDO TOP 20 Y EVALUANDO SLOTS DE PAPER TRADING ---
[2026-09-04 01:34:20] [INFO] --- ESCANEANDO TOP 20 Y EVALUANDO SLOTS DE PAPER TRADING ---
[2026-09-04 01:34:22] [INFO] --- ESCANEANDO TOP 20 Y EVALUANDO SLOTS DE PAPER TRADING ---
[2026-09-04 01:34:32] [INFO] === INICIANDO SISTEMA CRIPTO CON SERVIDOR WEB LOCAL EN PORT 5000 ===
[2026-09-04 01:34:32] [INFO] Servidor Web activo en http://localhost:5000/dashboard_cripto.html
[2026-09-04 01:34:32] [INFO] Estado del Bot Cripto cargado exitosamente.
[2026-09-04 01:34:32] [INFO] --- ESCANEANDO TOP 20 Y EVALUANDO SLOTS DE PAPER TRADING ---
[2026-09-04 01:34:37] [INFO] --- ESCANEANDO TOP 20 Y EVALUANDO SLOTS DE PAPER TRADING ---
[2026-09-04 01:34:50] [INFO] --- ESCANEANDO TOP 20 Y EVALUANDO SLOTS DE PAPER TRADING ---
[2026-09-04 01:34:55] [INFO] --- ESCANEANDO TOP 20 Y EVALUANDO SLOTS DE PAPER TRADING ---
[2026-09-04 01:35:08] [INFO] --- ESCANEANDO TOP 20 Y EVALUANDO SLOTS DE PAPER TRADING ---
[2026-09-04 01:35:14] [INFO] --- ESCANEANDO TOP 20 Y EVALUANDO SLOTS DE PAPER TRADING ---
[2026-09-04 01:35:25] [INFO] --- ESCANEANDO TOP 20 Y EVALUANDO SLOTS DE PAPER TRADING ---
[2026-09-04 01:35:32] [INFO] --- ESCANEANDO TOP 20 Y EVALUANDO SLOTS DE PAPER TRADING ---
[2026-09-04 01:35:47] [INFO] --- ESCANEANDO TOP 20 Y EVALUANDO SLOTS DE PAPER TRADING ---
[2026-09-04 01:35:54] [INFO] --- ESCANEANDO TOP 20 Y EVALUANDO SLOTS DE PAPER TRADING ---
[2026-09-04 01:36:05] [INFO] --- ESCANEANDO TOP 20 Y EVALUANDO SLOTS DE PAPER TRADING ---
[2026-09-04 01:36:11] [INFO] --- ESCANEANDO TOP 20 Y EVALUANDO SLOTS DE PAPER TRADING ---
[2026-09-04 01:36:23] [INFO] --- ESCANEANDO TOP 20 Y EVALUANDO SLOTS DE PAPER TRADING ---
[2026-09-04 01:36:29] [INFO] --- ESCANEANDO TOP 20 Y EVALUANDO SLOTS DE PAPER TRADING ---
[2026-09-04 01:36:40] [INFO] --- ESCANEANDO TOP 20 Y EVALUANDO SLOTS DE PAPER TRADING ---
[2026-09-04 01:36:48] [INFO] --- ESCANEANDO TOP 20 Y EVALUANDO SLOTS DE PAPER TRADING ---
[2026-09-04 01:36:58] [INFO] --- ESCANEANDO TOP 20 Y EVALUANDO SLOTS DE PAPER TRADING ---
[2026-09-04 01:37:06] [INFO] --- ESCANEANDO TOP 20 Y EVALUANDO SLOTS DE PAPER TRADING ---
[2026-09-04 01:37:16] [INFO] --- ESCANEANDO TOP 20 Y EVALUANDO SLOTS DE PAPER TRADING ---
[2026-09-04 01:37:24] [INFO] --- ESCANEANDO TOP 20 Y EVALUANDO SLOTS DE PAPER TRADING ---
[2026-09-04 01:37:35] [INFO] --- ESCANEANDO TOP 20 Y EVALUANDO SLOTS DE PAPER TRADING ---
[2026-09-04 01:37:42] [INFO] --- ESCANEANDO TOP 20 Y EVALUANDO SLOTS DE PAPER TRADING ---
[2026-09-04 01:37:52] [INFO] --- ESCANEANDO TOP 20 Y EVALUANDO SLOTS DE PAPER TRADING ---
[2026-09-04 01:37:59] [INFO] --- ESCANEANDO TOP 20 Y EVALUANDO SLOTS DE PAPER TRADING ---
[2026-09-04 01:38:10] [INFO] --- ESCANEANDO TOP 20 Y EVALUANDO SLOTS DE PAPER TRADING ---
[2026-09-04 01:38:17] [INFO] --- ESCANEANDO TOP 20 Y EVALUANDO SLOTS DE PAPER TRADING ---
[2026-09-04 01:38:28] [INFO] --- ESCANEANDO TOP 20 Y EVALUANDO SLOTS DE PAPER TRADING ---
[2026-09-04 01:38:35] [INFO] --- ESCANEANDO TOP 20 Y EVALUANDO SLOTS DE PAPER TRADING ---
[2026-09-04 01:38:45] [INFO] --- ESCANEANDO TOP 20 Y EVALUANDO SLOTS DE PAPER TRADING ---
[2026-09-04 01:38:53] [INFO] --- ESCANEANDO TOP 20 Y EVALUANDO SLOTS DE PAPER TRADING ---
[2026-09-04 01:39:03] [INFO] --- ESCANEANDO TOP 20 Y EVALUANDO SLOTS DE PAPER TRADING ---
[2026-09-04 01:39:10] [INFO] --- ESCANEANDO TOP 20 Y EVALUANDO SLOTS DE PAPER TRADING ---
[2026-09-04 01:39:22] [INFO] --- ESCANEANDO TOP 20 Y EVALUANDO SLOTS DE PAPER TRADING ---
[2026-09-04 01:39:28] [INFO] --- ESCANEANDO TOP 20 Y EVALUANDO SLOTS DE PAPER TRADING ---
[2026-09-04 01:39:39] [INFO] --- ESCANEANDO TOP 20 Y EVALUANDO SLOTS DE PAPER TRADING ---
[2026-09-04 01:39:46] [INFO] --- ESCANEANDO TOP 20 Y EVALUANDO SLOTS DE PAPER TRADING ---
[2026-09-04 01:39:57] [INFO] --- ESCANEANDO TOP 20 Y EVALUANDO SLOTS DE PAPER TRADING ---
[2026-09-04 01:40:04] [INFO] --- ESCANEANDO TOP 20 Y EVALUANDO SLOTS DE PAPER TRADING ---
[2026-09-04 01:40:16] [INFO] --- ESCANEANDO TOP 20 Y EVALUANDO SLOTS DE PAPER TRADING ---
[2026-09-04 01:40:22] [INFO] --- ESCANEANDO TOP 20 Y EVALUANDO SLOTS DE PAPER TRADING ---
[2026-09-04 01:40:34] [INFO] --- ESCANEANDO TOP 20 Y EVALUANDO SLOTS DE PAPER TRADING ---
[2026-09-04 01:40:51] [INFO] --- ESCANEANDO TOP 20 Y EVALUANDO SLOTS DE PAPER TRADING ---
[2026-09-04 01:40:53] [INFO] === INICIANDO SISTEMA CRIPTO CON SERVIDOR WEB LOCAL EN PORT 5000 ===
[2026-09-04 01:40:53] [INFO] Servidor Web activo en http://localhost:5000/dashboard_cripto.html
[2026-09-04 01:40:53] [INFO] Estado del Bot Cripto cargado exitosamente.
[2026-09-04 01:40:53] [INFO] --- ESCANEANDO TOP 20 Y EVALUANDO SLOTS DE PAPER TRADING ---
[2026-09-04 01:41:09] [INFO] --- ESCANEANDO TOP 20 Y EVALUANDO SLOTS DE PAPER TRADING ---
[2026-09-04 01:41:13] [INFO] --- ESCANEANDO TOP 20 Y EVALUANDO SLOTS DE PAPER TRADING ---
[2026-09-04 01:41:21] [OPEN_OCO] NUEVO SLOT OCO ABIERTO (Slot #1): [INJ] a $4.854 (Score Absorción: 75.0). OCO: TP +6%, SL -2%.
[2026-09-04 01:41:27] [INFO] --- ESCANEANDO TOP 20 Y EVALUANDO SLOTS DE PAPER TRADING ---
[2026-09-04 01:41:31] [INFO] --- ESCANEANDO TOP 20 Y EVALUANDO SLOTS DE PAPER TRADING ---
[2026-09-04 01:41:44] [INFO] --- ESCANEANDO TOP 20 Y EVALUANDO SLOTS DE PAPER TRADING ---
[2026-09-04 01:41:49] [INFO] --- ESCANEANDO TOP 20 Y EVALUANDO SLOTS DE PAPER TRADING ---
[2026-09-04 01:42:02] [INFO] --- ESCANEANDO TOP 20 Y EVALUANDO SLOTS DE PAPER TRADING ---
[2026-09-04 01:42:06] [INFO] --- ESCANEANDO TOP 20 Y EVALUANDO SLOTS DE PAPER TRADING ---
[2026-09-04 01:42:20] [INFO] --- ESCANEANDO TOP 20 Y EVALUANDO SLOTS DE PAPER TRADING ---
[2026-09-04 01:42:24] [INFO] --- ESCANEANDO TOP 20 Y EVALUANDO SLOTS DE PAPER TRADING ---
[2026-09-04 01:42:39] [INFO] --- ESCANEANDO TOP 20 Y EVALUANDO SLOTS DE PAPER TRADING ---
[2026-09-04 01:42:44] [INFO] --- ESCANEANDO TOP 20 Y EVALUANDO SLOTS DE PAPER TRADING ---
[2026-09-04 01:42:57] [INFO] --- ESCANEANDO TOP 20 Y EVALUANDO SLOTS DE PAPER TRADING ---
[2026-09-04 01:43:02] [INFO] --- ESCANEANDO TOP 20 Y EVALUANDO SLOTS DE PAPER TRADING ---
[2026-09-04 01:43:15] [INFO] --- ESCANEANDO TOP 20 Y EVALUANDO SLOTS DE PAPER TRADING ---
[2026-09-04 01:43:19] [INFO] --- ESCANEANDO TOP 20 Y EVALUANDO SLOTS DE PAPER TRADING ---
[2026-09-04 01:43:33] [INFO] --- ESCANEANDO TOP 20 Y EVALUANDO SLOTS DE PAPER TRADING ---
[2026-09-04 01:43:37] [INFO] --- ESCANEANDO TOP 20 Y EVALUANDO SLOTS DE PAPER TRADING ---
[2026-09-04 01:43:50] [INFO] --- ESCANEANDO TOP 20 Y EVALUANDO SLOTS DE PAPER TRADING ---
[2026-09-04 01:43:55] [INFO] --- ESCANEANDO TOP 20 Y EVALUANDO SLOTS DE PAPER TRADING ---
[2026-09-04 01:44:08] [INFO] --- ESCANEANDO TOP 20 Y EVALUANDO SLOTS DE PAPER TRADING ---
[2026-09-04 01:44:13] [INFO] --- ESCANEANDO TOP 20 Y EVALUANDO SLOTS DE PAPER TRADING ---
[2026-09-04 01:44:26] [INFO] --- ESCANEANDO TOP 20 Y EVALUANDO SLOTS DE PAPER TRADING ---
[2026-09-04 01:44:31] [INFO] --- ESCANEANDO TOP 20 Y EVALUANDO SLOTS DE PAPER TRADING ---
[2026-09-04 01:44:43] [INFO] --- ESCANEANDO TOP 20 Y EVALUANDO SLOTS DE PAPER TRADING ---
[2026-09-04 01:44:49] [INFO] --- ESCANEANDO TOP 20 Y EVALUANDO SLOTS DE PAPER TRADING ---
[2026-09-04 01:45:02] [INFO] --- ESCANEANDO TOP 20 Y EVALUANDO SLOTS DE PAPER TRADING ---
[2026-09-04 01:45:06] [INFO] --- ESCANEANDO TOP 20 Y EVALUANDO SLOTS DE PAPER TRADING ---
[2026-09-04 01:45:20] [INFO] --- ESCANEANDO TOP 20 Y EVALUANDO SLOTS DE PAPER TRADING ---
[2026-09-04 01:45:24] [INFO] --- ESCANEANDO TOP 20 Y EVALUANDO SLOTS DE PAPER TRADING ---
[2026-09-04 01:48:29] [INFO] === INICIANDO SISTEMA CRIPTO CON SERVIDOR WEB LOCAL EN PORT 5000 ===
[2026-09-04 01:48:29] [INFO] Servidor Web activo en http://localhost:5000/dashboard_cripto.html
[2026-09-04 01:48:29] [INFO] Estado del Bot Cripto cargado exitosamente.
[2026-09-04 01:48:29] [INFO] --- ESCANEANDO TOP 20 Y EVALUANDO SLOTS DE PAPER TRADING ---
[2026-09-04 01:48:47] [INFO] --- ESCANEANDO TOP 20 Y EVALUANDO SLOTS DE PAPER TRADING ---
[2026-09-04 01:49:05] [INFO] --- ESCANEANDO TOP 20 Y EVALUANDO SLOTS DE PAPER TRADING ---
[2026-09-04 01:49:24] [INFO] --- ESCANEANDO TOP 20 Y EVALUANDO SLOTS DE PAPER TRADING ---
[2026-09-04 01:49:42] [INFO] --- ESCANEANDO TOP 20 Y EVALUANDO SLOTS DE PAPER TRADING ---
[2026-09-04 01:50:00] [INFO] --- ESCANEANDO TOP 20 Y EVALUANDO SLOTS DE PAPER TRADING ---
[2026-09-04 01:50:18] [INFO] --- ESCANEANDO TOP 20 Y EVALUANDO SLOTS DE PAPER TRADING ---
[2026-09-04 01:50:26] [OPEN_OCO] NUEVO SLOT OCO ABIERTO (Slot #1): [INJ] a $4.852 (Score Absorción: 85.0). OCO: TP +6%, SL -2%.
[2026-09-04 01:50:36] [INFO] --- ESCANEANDO TOP 20 Y EVALUANDO SLOTS DE PAPER TRADING ---
[2026-09-04 01:50:54] [INFO] --- ESCANEANDO TOP 20 Y EVALUANDO SLOTS DE PAPER TRADING ---
[2026-09-04 01:51:12] [INFO] --- ESCANEANDO TOP 20 Y EVALUANDO SLOTS DE PAPER TRADING ---
[2026-09-04 01:51:20] [OPEN_OCO] NUEVO SLOT OCO ABIERTO (Slot #2): [FET] a $0.1574 (Score Absorción: 85.0). OCO: TP +6%, SL -2%.
[2026-09-04 01:51:30] [INFO] --- ESCANEANDO TOP 20 Y EVALUANDO SLOTS DE PAPER TRADING ---
[2026-09-04 01:51:48] [INFO] --- ESCANEANDO TOP 20 Y EVALUANDO SLOTS DE PAPER TRADING ---
[2026-09-04 01:52:06] [INFO] --- ESCANEANDO TOP 20 Y EVALUANDO SLOTS DE PAPER TRADING ---
[2026-09-04 01:52:14] [OPEN_OCO] NUEVO SLOT OCO ABIERTO (Slot #3): [PEPE] a $3.66e-06 (Score Absorción: 70.0). OCO: TP +6%, SL -2%.
[2026-09-04 01:52:24] [INFO] --- ESCANEANDO TOP 20 Y EVALUANDO SLOTS DE PAPER TRADING ---
[2026-09-04 01:52:41] [INFO] --- ESCANEANDO TOP 20 Y EVALUANDO SLOTS DE PAPER TRADING ---
[2026-09-04 01:52:59] [INFO] --- ESCANEANDO TOP 20 Y EVALUANDO SLOTS DE PAPER TRADING ---
[2026-09-04 01:53:17] [INFO] --- ESCANEANDO TOP 20 Y EVALUANDO SLOTS DE PAPER TRADING ---
[2026-09-04 01:53:35] [INFO] --- ESCANEANDO TOP 20 Y EVALUANDO SLOTS DE PAPER TRADING ---
[2026-09-04 01:53:52] [INFO] --- ESCANEANDO TOP 20 Y EVALUANDO SLOTS DE PAPER TRADING ---
[2026-09-04 01:54:10] [INFO] --- ESCANEANDO TOP 20 Y EVALUANDO SLOTS DE PAPER TRADING ---
[2026-09-04 01:54:28] [INFO] --- ESCANEANDO TOP 20 Y EVALUANDO SLOTS DE PAPER TRADING ---
[2026-09-04 01:54:46] [INFO] --- ESCANEANDO TOP 20 Y EVALUANDO SLOTS DE PAPER TRADING ---
[2026-09-04 01:55:04] [INFO] --- ESCANEANDO TOP 20 Y EVALUANDO SLOTS DE PAPER TRADING ---
[2026-09-04 01:55:22] [INFO] --- ESCANEANDO TOP 20 Y EVALUANDO SLOTS DE PAPER TRADING ---
[2026-09-04 01:55:39] [INFO] --- ESCANEANDO TOP 20 Y EVALUANDO SLOTS DE PAPER TRADING ---
[2026-09-04 01:55:57] [INFO] --- ESCANEANDO TOP 20 Y EVALUANDO SLOTS DE PAPER TRADING ---
[2026-09-04 01:56:15] [INFO] --- ESCANEANDO TOP 20 Y EVALUANDO SLOTS DE PAPER TRADING ---
[2026-09-04 01:56:23] [OPEN_OCO] NUEVO SLOT OCO ABIERTO (Slot #4): [TIA] a $0.3616 (Score Absorción: 80.0). OCO: TP +6%, SL -2%.
[2026-09-04 01:56:33] [INFO] --- ESCANEANDO TOP 20 Y EVALUANDO SLOTS DE PAPER TRADING ---
[2026-09-04 01:56:41] [OPEN_OCO] NUEVO SLOT OCO ABIERTO (Slot #5): [ADA] a $0.2237 (Score Absorción: 85.0). OCO: TP +6%, SL -2%.
[2026-09-04 01:56:51] [INFO] --- ESCANEANDO TOP 20 Y EVALUANDO SLOTS DE PAPER TRADING ---
[2026-09-04 01:57:09] [INFO] --- ESCANEANDO TOP 20 Y EVALUANDO SLOTS DE PAPER TRADING ---
[2026-09-04 01:57:27] [INFO] --- ESCANEANDO TOP 20 Y EVALUANDO SLOTS DE PAPER TRADING ---
[2026-09-04 01:57:44] [INFO] --- ESCANEANDO TOP 20 Y EVALUANDO SLOTS DE PAPER TRADING ---
[2026-09-04 01:58:02] [INFO] --- ESCANEANDO TOP 20 Y EVALUANDO SLOTS DE PAPER TRADING ---
[2026-09-04 01:58:20] [INFO] --- ESCANEANDO TOP 20 Y EVALUANDO SLOTS DE PAPER TRADING ---
[2026-09-04 01:58:38] [INFO] --- ESCANEANDO TOP 20 Y EVALUANDO SLOTS DE PAPER TRADING ---
[2026-09-04 01:58:56] [INFO] --- ESCANEANDO TOP 20 Y EVALUANDO SLOTS DE PAPER TRADING ---
[2026-09-04 01:59:14] [INFO] --- ESCANEANDO TOP 20 Y EVALUANDO SLOTS DE PAPER TRADING ---
[2026-09-04 01:59:31] [INFO] --- ESCANEANDO TOP 20 Y EVALUANDO SLOTS DE PAPER TRADING ---
[2026-09-04 01:59:49] [INFO] --- ESCANEANDO TOP 20 Y EVALUANDO SLOTS DE PAPER TRADING ---
[2026-09-04 02:00:09] [INFO] --- ESCANEANDO TOP 20 Y EVALUANDO SLOTS DE PAPER TRADING ---
[2026-09-04 02:00:27] [INFO] --- ESCANEANDO TOP 20 Y EVALUANDO SLOTS DE PAPER TRADING ---
[2026-09-04 02:00:45] [INFO] --- ESCANEANDO TOP 20 Y EVALUANDO SLOTS DE PAPER TRADING ---
[2026-09-04 02:01:03] [INFO] --- ESCANEANDO TOP 20 Y EVALUANDO SLOTS DE PAPER TRADING ---
[2026-09-04 02:01:20] [INFO] --- ESCANEANDO TOP 20 Y EVALUANDO SLOTS DE PAPER TRADING ---
[2026-09-04 02:01:38] [INFO] --- ESCANEANDO TOP 20 Y EVALUANDO SLOTS DE PAPER TRADING ---
[2026-09-04 02:01:56] [INFO] --- ESCANEANDO TOP 20 Y EVALUANDO SLOTS DE PAPER TRADING ---
[2026-09-04 02:02:14] [INFO] --- ESCANEANDO TOP 20 Y EVALUANDO SLOTS DE PAPER TRADING ---
[2026-09-04 02:02:32] [INFO] --- ESCANEANDO TOP 20 Y EVALUANDO SLOTS DE PAPER TRADING ---
[2026-09-04 02:02:50] [INFO] --- ESCANEANDO TOP 20 Y EVALUANDO SLOTS DE PAPER TRADING ---
[2026-09-04 02:03:08] [INFO] --- ESCANEANDO TOP 20 Y EVALUANDO SLOTS DE PAPER TRADING ---
[2026-09-04 02:03:26] [INFO] --- ESCANEANDO TOP 20 Y EVALUANDO SLOTS DE PAPER TRADING ---
[2026-09-04 02:03:44] [INFO] --- ESCANEANDO TOP 20 Y EVALUANDO SLOTS DE PAPER TRADING ---
[2026-09-04 02:04:01] [INFO] --- ESCANEANDO TOP 20 Y EVALUANDO SLOTS DE PAPER TRADING ---
[2026-09-04 02:04:19] [INFO] --- ESCANEANDO TOP 20 Y EVALUANDO SLOTS DE PAPER TRADING ---
[2026-09-04 02:04:37] [INFO] --- ESCANEANDO TOP 20 Y EVALUANDO SLOTS DE PAPER TRADING ---
[2026-09-04 02:04:55] [INFO] --- ESCANEANDO TOP 20 Y EVALUANDO SLOTS DE PAPER TRADING ---
[2026-09-04 02:05:14] [INFO] --- ESCANEANDO TOP 20 Y EVALUANDO SLOTS DE PAPER TRADING ---
[2026-09-04 02:05:37] [INFO] --- ESCANEANDO TOP 20 Y EVALUANDO SLOTS DE PAPER TRADING ---
[2026-09-04 02:05:55] [INFO] --- ESCANEANDO TOP 20 Y EVALUANDO SLOTS DE PAPER TRADING ---
[2026-09-04 02:06:12] [INFO] --- ESCANEANDO TOP 20 Y EVALUANDO SLOTS DE PAPER TRADING ---
[2026-09-04 02:06:30] [INFO] --- ESCANEANDO TOP 20 Y EVALUANDO SLOTS DE PAPER TRADING ---
[2026-09-04 02:06:48] [INFO] --- ESCANEANDO TOP 20 Y EVALUANDO SLOTS DE PAPER TRADING ---
[2026-09-04 02:07:06] [INFO] --- ESCANEANDO TOP 20 Y EVALUANDO SLOTS DE PAPER TRADING ---
[2026-09-04 02:07:24] [INFO] --- ESCANEANDO TOP 20 Y EVALUANDO SLOTS DE PAPER TRADING ---
[2026-09-04 02:07:41] [INFO] --- ESCANEANDO TOP 20 Y EVALUANDO SLOTS DE PAPER TRADING ---
[2026-09-04 02:07:59] [INFO] --- ESCANEANDO TOP 20 Y EVALUANDO SLOTS DE PAPER TRADING ---
[2026-09-04 02:08:17] [INFO] --- ESCANEANDO TOP 20 Y EVALUANDO SLOTS DE PAPER TRADING ---
[2026-09-04 02:08:35] [INFO] --- ESCANEANDO TOP 20 Y EVALUANDO SLOTS DE PAPER TRADING ---
[2026-09-04 02:08:53] [INFO] --- ESCANEANDO TOP 20 Y EVALUANDO SLOTS DE PAPER TRADING ---
[2026-09-04 02:09:11] [INFO] --- ESCANEANDO TOP 20 Y EVALUANDO SLOTS DE PAPER TRADING ---
[2026-09-04 02:09:29] [INFO] --- ESCANEANDO TOP 20 Y EVALUANDO SLOTS DE PAPER TRADING ---
[2026-09-04 02:09:47] [INFO] --- ESCANEANDO TOP 20 Y EVALUANDO SLOTS DE PAPER TRADING ---
[2026-09-04 02:09:55] [OPEN_OCO] NUEVO SLOT OCO ABIERTO (Slot #6): [NEAR] a $1.944 (Score Absorción: 70.0). OCO: TP +6%, SL -2%.
[2026-09-04 02:10:05] [INFO] --- ESCANEANDO TOP 20 Y EVALUANDO SLOTS DE PAPER TRADING ---
[2026-09-04 02:10:25] [INFO] --- ESCANEANDO TOP 20 Y EVALUANDO SLOTS DE PAPER TRADING ---
[2026-09-04 02:10:43] [INFO] --- ESCANEANDO TOP 20 Y EVALUANDO SLOTS DE PAPER TRADING ---
[2026-09-04 02:11:01] [INFO] --- ESCANEANDO TOP 20 Y EVALUANDO SLOTS DE PAPER TRADING ---
[2026-09-04 02:11:19] [INFO] --- ESCANEANDO TOP 20 Y EVALUANDO SLOTS DE PAPER TRADING ---
[2026-09-04 02:11:37] [INFO] --- ESCANEANDO TOP 20 Y EVALUANDO SLOTS DE PAPER TRADING ---
